// Jest Snapshot v1, https://goo.gl/fbAQLP

exports[`ExtensionIndexModule generates exports for extended terms: toMatchSnapshot 1`] = `
"export { ClassMixinEx } from \\"./rdfs/Class\\";
export { PropertyMixinEx } from \\"./rdfs/Property\\";
"
`;
