// Jest Snapshot v1, https://goo.gl/fbAQLP

exports[`decorator resource initial set object returned by factory function 1`] = `
"<http://example.com/res> <http://xmlns.com/foaf/0.1/friend> _:c14n0 .
_:c14n0 <http://example.com/first> \\"John\\" .
_:c14n0 <http://example.com/last> \\"Doe\\" .
_:c14n0 <http://example.com/person> <http://example.com/res> .
"
`;

exports[`decorator resource initial set object returned by factory function as clownface 1`] = `
"<http://example.com/res> <http://xmlns.com/foaf/0.1/friend> <http://example.com/friend> .
"
`;

exports[`decorator resource over multiple graphs setter assert link quad in subject's graph 1`] = `
"<http://example.com/John> <http://schema.org/name> \\"John\\" <http://example.com/John> .
<http://example.com/John> <http://xmlns.com/foaf/0.1/knows> <http://example.com/Will> <http://example.com/John> .
<http://example.com/Will> <http://schema.org/name> \\"William\\" <http://example.com/Will> .
"
`;

exports[`decorator resource setter accepts blank node context 1`] = `
"<http://example.com/jane> <http://www.w3.org/1999/02/22-rdf-syntax-ns#type> <http://schema.org/Person> .
<http://example.com/john> <http://schema.org/spouse> _:c14n0 .
<http://example.com/john> <http://www.w3.org/1999/02/22-rdf-syntax-ns#type> <http://schema.org/Person> .
"
`;

exports[`decorator resource setter accepts deep plain JS object 1`] = `
"<http://example.com/Lois> <http://schema.org/knows> <http://example.com/Superman> .
<http://example.com/Lois> <http://www.w3.org/1999/02/22-rdf-syntax-ns#type> <http://schema.org/Person> .
<http://example.com/Superman> <http://schema.org/name> \\"Superman\\" .
<http://example.com/Superman> <http://schema.org/parent> _:c14n0 .
<http://example.com/Superman> <http://schema.org/parent> _:c14n1 .
<http://example.com/Superman> <http://www.w3.org/1999/02/22-rdf-syntax-ns#type> <http://schema.org/Person> .
_:c14n0 <http://schema.org/name> \\"Lara Lor-Van\\" .
_:c14n1 <http://schema.org/name> \\"Jor-El\\" .
"
`;

exports[`decorator resource setter accepts raw blank node term 1`] = `
"<http://example.com/lois> <http://schema.org/spouse> _:c14n0 .
<http://example.com/lois> <http://www.w3.org/1999/02/22-rdf-syntax-ns#type> <http://schema.org/Person> .
_:c14n0 <http://www.w3.org/1999/02/22-rdf-syntax-ns#type> <http://example.com/Superman> .
"
`;

exports[`decorator resource setter accepts raw named node term 1`] = `
"<http://example.com/jane> <http://www.w3.org/1999/02/22-rdf-syntax-ns#type> <http://schema.org/Person> .
<http://example.com/john> <http://schema.org/spouse> <http://example.com/jane> .
<http://example.com/john> <http://www.w3.org/1999/02/22-rdf-syntax-ns#type> <http://schema.org/Person> .
"
`;

exports[`decorator resource setter sets a relation between resources 1`] = `
"<http://example.com/jane> <http://www.w3.org/1999/02/22-rdf-syntax-ns#type> <http://schema.org/Person> .
<http://example.com/john> <http://schema.org/spouse> <http://example.com/jane> .
<http://example.com/john> <http://www.w3.org/1999/02/22-rdf-syntax-ns#type> <http://schema.org/Person> .
"
`;

exports[`decorator resource setter sets array to rdf list property 1`] = `
"<http://example.com/john> <http://xmlns.com/foaf/0.1/knows> _:c14n1 .
_:c14n0 <http://www.w3.org/1999/02/22-rdf-syntax-ns#first> <http://example.com/joe> .
_:c14n0 <http://www.w3.org/1999/02/22-rdf-syntax-ns#rest> <http://www.w3.org/1999/02/22-rdf-syntax-ns#nil> .
_:c14n1 <http://www.w3.org/1999/02/22-rdf-syntax-ns#first> <http://example.com/jane> .
_:c14n1 <http://www.w3.org/1999/02/22-rdf-syntax-ns#rest> _:c14n0 .
"
`;

exports[`decorator resource setter sets array to set property 1`] = `
"<http://example.com/john> <http://xmlns.com/foaf/0.1/knows> <http://example.com/jane> .
<http://example.com/john> <http://xmlns.com/foaf/0.1/knows> <http://example.com/joe> .
"
`;

exports[`decorator resource setter setting null removes relation 1`] = `
"<http://example.com/jane> <http://www.w3.org/1999/02/22-rdf-syntax-ns#type> <http://schema.org/Person> .
<http://example.com/john> <http://www.w3.org/1999/02/22-rdf-syntax-ns#type> <http://schema.org/Person> .
"
`;
