// Jest Snapshot v1, https://goo.gl/fbAQLP

exports[`decorator literal initial does not set initialized value when present in initial dataset: toMatchSnapshot 1`] = `
"<http://example.com/res> <http://schema.org/name> \\"bar\\" .
"
`;

exports[`decorator literal initial sets default value when not present in dataset: toMatchSnapshot 1`] = `
"<http://example.com/res> <http://schema.org/name> \\"foo\\" .
"
`;

exports[`decorator literal initial sets initial value from function: toMatchSnapshot 1`] = `
"<http://example.com/res> <http://schema.org/name> \\"http://example.com/res\\" .
"
`;

exports[`decorator literal initial sets initial value from node: toMatchSnapshot 1`] = `
"<http://example.com/res> <http://schema.org/name> \\"foo\\" .
"
`;

exports[`decorator literal setter accepts raw term: toMatchSnapshot 1`] = `
"<http://example.com/res> <http://schema.org/name> \\"John\\"@en-gb .
"
`;

exports[`decorator literal setter replaces boolean object value: toMatchSnapshot 1`] = `
"<http://example.com/res> <http://example.com/isMarried> \\"false\\"^^<http://www.w3.org/2001/XMLSchema#boolean> .
"
`;

exports[`decorator literal setter replaces string literal node value: toMatchSnapshot 1`] = `
"<http://example.com/res> <http://schema.org/name> \\"Jane\\"^^<http://example.com/Name> .
"
`;

exports[`decorator literal setter replaces string literal node value: toMatchSnapshot 2`] = `
"<http://example.com/res> <http://schema.org/name> \\"Jane\\"^^<http://example.com/Name> .
"
`;

exports[`decorator literal setter replaces string object value: toMatchSnapshot 1`] = `
"<http://example.com/res> <http://schema.org/name> \\"Jane\\" .
"
`;

exports[`decorator literal setter sets a literal with the annotated type: toMatchSnapshot 1`] = `
"<http://example.com/res> <http://example.com/age> \\"20\\"^^<http://www.w3.org/2001/XMLSchema#double> .
"
`;

exports[`decorator literal setter sets a numeric literal with the annotated type: toMatchSnapshot 1`] = `
"<http://example.com/res> <http://example.com/age> \\"20\\"^^<http://www.w3.org/2001/XMLSchema#double> .
"
`;

exports[`decorator literal setter sets xsd:float literal for float number: toMatchSnapshot 1`] = `
"<http://example.com/res> <http://example.com/age> \\"30.4\\"^^<http://www.w3.org/2001/XMLSchema#float> .
"
`;

exports[`decorator literal setter sets xsd:integer literal for int number: toMatchSnapshot 1`] = `
"<http://example.com/res> <http://example.com/age> \\"30\\"^^<http://www.w3.org/2001/XMLSchema#integer> .
"
`;

exports[`decorator literal setter sets xsd:long literal for bigint: toMatchSnapshot 1`] = `
"<http://example.com/res> <http://example.com/age> \\"9007199254740991\\"^^<http://www.w3.org/2001/XMLSchema#long> .
"
`;

exports[`decorator literal setter unsets string object when null is set: toMatchSnapshot 1`] = `""`;
