// Jest Snapshot v1, https://goo.gl/fbAQLP

exports[`EnumerationModule uses plain NamedNode for enumerations without members: toMatchSnapshot 1`] = `
"import { NamedNode } from \\"rdf-js\\";
import { ex } from \\"./lib/namespace\\";

export default {};

export type Enum = NamedNode;
"
`;

exports[`EnumerationModule writes a module with enumeration members: toMatchSnapshot 1`] = `
"import { NamedNode } from \\"rdf-js\\";
import { ex } from \\"./lib/namespace\\";

export default {
    Member1: ex.Member1 as NamedNode<'http://example.com/Member1'>,
    Member2: ex.Member2 as NamedNode<'http://example.com/Member2'>
};

export type Enum = 
    NamedNode<'http://example.com/Member1'>
    | NamedNode<'http://example.com/Member2'>;
"
`;
